I'm sorry, but errors were detected in your script. Please correct the
errors listed below, and try again.


File "game/script.rpy", line 56: expected ':' not found.
    label mojito_no
                   ^

File "game/script.rpy", line 61: expected ':' not found.
    label mojito_end
                    ^

Ren'Py Version: Ren'Py 7.4.4.1439
Sat Apr 17 12:54:16 2021
